Archive member included because of file (symbol)

c:/users/dell/downloads/sdk_win_64/sdk_win_64/winavr/bin/../lib/gcc/avr/4.3.3/avr5\libgcc.a(_udivmodhi4.o)
                              ./ATmega32_CTOS/HAL/LCD/LCD_prog.o (__udivmodhi4)
c:/users/dell/downloads/sdk_win_64/sdk_win_64/winavr/bin/../lib/gcc/avr/4.3.3/avr5\libgcc.a(_divmodsi4.o)
                              ./ATmega32_CTOS/HAL/LCD/LCD_prog.o (__divmodsi4)
c:/users/dell/downloads/sdk_win_64/sdk_win_64/winavr/bin/../lib/gcc/avr/4.3.3/avr5\libgcc.a(_exit.o)
                              c:/users/dell/downloads/sdk_win_64/sdk_win_64/winavr/bin/../lib/gcc/avr/4.3.3/../../../../avr/lib/avr5/crtm32.o (exit)
c:/users/dell/downloads/sdk_win_64/sdk_win_64/winavr/bin/../lib/gcc/avr/4.3.3/avr5\libgcc.a(_copy_data.o)
                              ./ATmega32_CTOS/MCAL/EXTI/EXTI_config.o (__do_copy_data)
c:/users/dell/downloads/sdk_win_64/sdk_win_64/winavr/bin/../lib/gcc/avr/4.3.3/avr5\libgcc.a(_clear_bss.o)
                              ./ATmega32_CTOS/MCAL/EXTI/EXTI_prog.o (__do_clear_bss)
c:/users/dell/downloads/sdk_win_64/sdk_win_64/winavr/bin/../lib/gcc/avr/4.3.3/avr5\libgcc.a(_lshrdi3.o)
                              ./ATmega32_CTOS/HAL/LCD/LCD_prog.o (__lshrdi3)
c:/users/dell/downloads/sdk_win_64/sdk_win_64/winavr/bin/../lib/gcc/avr/4.3.3/avr5\libgcc.a(_ashldi3.o)
                              ./ATmega32_CTOS/HAL/LCD/LCD_prog.o (__ashldi3)
c:/users/dell/downloads/sdk_win_64/sdk_win_64/winavr/bin/../lib/gcc/avr/4.3.3/avr5\libgcc.a(_fixunssfsi.o)
                              ./ATmega32_CTOS/HAL/LCD/LCD_prog.o (__fixunssfsi)
c:/users/dell/downloads/sdk_win_64/sdk_win_64/winavr/bin/../lib/gcc/avr/4.3.3/avr5\libgcc.a(_addsub_sf.o)
                              c:/users/dell/downloads/sdk_win_64/sdk_win_64/winavr/bin/../lib/gcc/avr/4.3.3/avr5\libgcc.a(_fixunssfsi.o) (__subsf3)
c:/users/dell/downloads/sdk_win_64/sdk_win_64/winavr/bin/../lib/gcc/avr/4.3.3/avr5\libgcc.a(_mul_sf.o)
                              ./ATmega32_CTOS/HAL/LCD/LCD_prog.o (__mulsf3)
c:/users/dell/downloads/sdk_win_64/sdk_win_64/winavr/bin/../lib/gcc/avr/4.3.3/avr5\libgcc.a(_eq_sf.o)
                              ./ATmega32_CTOS/HAL/LCD/LCD_prog.o (__eqsf2)
c:/users/dell/downloads/sdk_win_64/sdk_win_64/winavr/bin/../lib/gcc/avr/4.3.3/avr5\libgcc.a(_ne_sf.o)
                              ./ATmega32_CTOS/HAL/LCD/LCD_prog.o (__nesf2)
c:/users/dell/downloads/sdk_win_64/sdk_win_64/winavr/bin/../lib/gcc/avr/4.3.3/avr5\libgcc.a(_gt_sf.o)
                              ./ATmega32_CTOS/HAL/LCD/LCD_prog.o (__gtsf2)
c:/users/dell/downloads/sdk_win_64/sdk_win_64/winavr/bin/../lib/gcc/avr/4.3.3/avr5\libgcc.a(_ge_sf.o)
                              c:/users/dell/downloads/sdk_win_64/sdk_win_64/winavr/bin/../lib/gcc/avr/4.3.3/avr5\libgcc.a(_fixunssfsi.o) (__gesf2)
c:/users/dell/downloads/sdk_win_64/sdk_win_64/winavr/bin/../lib/gcc/avr/4.3.3/avr5\libgcc.a(_lt_sf.o)
                              ./ATmega32_CTOS/HAL/LCD/LCD_prog.o (__ltsf2)
c:/users/dell/downloads/sdk_win_64/sdk_win_64/winavr/bin/../lib/gcc/avr/4.3.3/avr5\libgcc.a(_si_to_sf.o)
                              ./ATmega32_CTOS/HAL/LCD/LCD_prog.o (__floatsisf)
c:/users/dell/downloads/sdk_win_64/sdk_win_64/winavr/bin/../lib/gcc/avr/4.3.3/avr5\libgcc.a(_sf_to_si.o)
                              c:/users/dell/downloads/sdk_win_64/sdk_win_64/winavr/bin/../lib/gcc/avr/4.3.3/avr5\libgcc.a(_fixunssfsi.o) (__fixsfsi)
c:/users/dell/downloads/sdk_win_64/sdk_win_64/winavr/bin/../lib/gcc/avr/4.3.3/avr5\libgcc.a(_thenan_sf.o)
                              c:/users/dell/downloads/sdk_win_64/sdk_win_64/winavr/bin/../lib/gcc/avr/4.3.3/avr5\libgcc.a(_addsub_sf.o) (__thenan_sf)
c:/users/dell/downloads/sdk_win_64/sdk_win_64/winavr/bin/../lib/gcc/avr/4.3.3/avr5\libgcc.a(_udivmodsi4.o)
                              c:/users/dell/downloads/sdk_win_64/sdk_win_64/winavr/bin/../lib/gcc/avr/4.3.3/avr5\libgcc.a(_divmodsi4.o) (__udivmodsi4)
c:/users/dell/downloads/sdk_win_64/sdk_win_64/winavr/bin/../lib/gcc/avr/4.3.3/avr5\libgcc.a(_prologue.o)
                              c:/users/dell/downloads/sdk_win_64/sdk_win_64/winavr/bin/../lib/gcc/avr/4.3.3/avr5\libgcc.a(_addsub_sf.o) (__prologue_saves__)
c:/users/dell/downloads/sdk_win_64/sdk_win_64/winavr/bin/../lib/gcc/avr/4.3.3/avr5\libgcc.a(_epilogue.o)
                              c:/users/dell/downloads/sdk_win_64/sdk_win_64/winavr/bin/../lib/gcc/avr/4.3.3/avr5\libgcc.a(_addsub_sf.o) (__epilogue_restores__)
c:/users/dell/downloads/sdk_win_64/sdk_win_64/winavr/bin/../lib/gcc/avr/4.3.3/avr5\libgcc.a(_clzsi2.o)
                              c:/users/dell/downloads/sdk_win_64/sdk_win_64/winavr/bin/../lib/gcc/avr/4.3.3/avr5\libgcc.a(_si_to_sf.o) (__clzsi2)
c:/users/dell/downloads/sdk_win_64/sdk_win_64/winavr/bin/../lib/gcc/avr/4.3.3/avr5\libgcc.a(_pack_sf.o)
                              c:/users/dell/downloads/sdk_win_64/sdk_win_64/winavr/bin/../lib/gcc/avr/4.3.3/avr5\libgcc.a(_addsub_sf.o) (__pack_f)
c:/users/dell/downloads/sdk_win_64/sdk_win_64/winavr/bin/../lib/gcc/avr/4.3.3/avr5\libgcc.a(_unpack_sf.o)
                              c:/users/dell/downloads/sdk_win_64/sdk_win_64/winavr/bin/../lib/gcc/avr/4.3.3/avr5\libgcc.a(_addsub_sf.o) (__unpack_f)
c:/users/dell/downloads/sdk_win_64/sdk_win_64/winavr/bin/../lib/gcc/avr/4.3.3/avr5\libgcc.a(_fpcmp_parts_sf.o)
                              c:/users/dell/downloads/sdk_win_64/sdk_win_64/winavr/bin/../lib/gcc/avr/4.3.3/avr5\libgcc.a(_eq_sf.o) (__fpcmp_parts_f)
c:/users/dell/downloads/sdk_win_64/sdk_win_64/winavr/bin/../lib/gcc/avr/4.3.3/avr5\libgcc.a(_clz.o)
                              c:/users/dell/downloads/sdk_win_64/sdk_win_64/winavr/bin/../lib/gcc/avr/4.3.3/avr5\libgcc.a(_clzsi2.o) (__clz_tab)

Memory Configuration

Name             Origin             Length             Attributes
text             0x00000000         0x00020000         xr
data             0x00800060         0x0000ffa0         rw !x
eeprom           0x00810000         0x00010000         rw !x
fuse             0x00820000         0x00000400         rw !x
lock             0x00830000         0x00000400         rw !x
signature        0x00840000         0x00000400         rw !x
*default*        0x00000000         0xffffffff

Linker script and memory map

LOAD c:/users/dell/downloads/sdk_win_64/sdk_win_64/winavr/bin/../lib/gcc/avr/4.3.3/../../../../avr/lib/avr5/crtm32.o
LOAD ./ATmega32_CTOS/MCAL/GIE/GIE_prog.o
LOAD ./ATmega32_CTOS/MCAL/EXTI/EXTI_config.o
LOAD ./ATmega32_CTOS/MCAL/EXTI/EXTI_prog.o
LOAD ./ATmega32_CTOS/MCAL/DIO/DIO_prog.o
LOAD ./ATmega32_CTOS/MCAL/ADC/ADC_prog.o
LOAD ./ATmega32_CTOS/HAL/switch/Switch_config.o
LOAD ./ATmega32_CTOS/HAL/switch/Switch_prog.o
LOAD ./ATmega32_CTOS/HAL/seven_segment/Seven_segment_config.o
LOAD ./ATmega32_CTOS/HAL/seven_segment/Seven_segment_prog.o
LOAD ./ATmega32_CTOS/HAL/keypad/Keypad_prog.o
LOAD ./ATmega32_CTOS/HAL/LED/LED_config.o
LOAD ./ATmega32_CTOS/HAL/LED/LED_prog.o
LOAD ./ATmega32_CTOS/HAL/LCD/LCD_prog.o
LOAD ./main.o
LOAD c:/users/dell/downloads/sdk_win_64/sdk_win_64/winavr/bin/../lib/gcc/avr/4.3.3/avr5\libgcc.a
LOAD c:/users/dell/downloads/sdk_win_64/sdk_win_64/winavr/bin/../lib/gcc/avr/4.3.3/../../../../avr/lib/avr5\libc.a
LOAD c:/users/dell/downloads/sdk_win_64/sdk_win_64/winavr/bin/../lib/gcc/avr/4.3.3/avr5\libgcc.a

.hash
 *(.hash)

.dynsym
 *(.dynsym)

.dynstr
 *(.dynstr)

.gnu.version
 *(.gnu.version)

.gnu.version_d
 *(.gnu.version_d)

.gnu.version_r
 *(.gnu.version_r)

.rel.init
 *(.rel.init)

.rela.init
 *(.rela.init)

.rel.text
 *(.rel.text)
 *(.rel.text.*)
 *(.rel.gnu.linkonce.t*)

.rela.text
 *(.rela.text)
 *(.rela.text.*)
 *(.rela.gnu.linkonce.t*)

.rel.fini
 *(.rel.fini)

.rela.fini
 *(.rela.fini)

.rel.rodata
 *(.rel.rodata)
 *(.rel.rodata.*)
 *(.rel.gnu.linkonce.r*)

.rela.rodata
 *(.rela.rodata)
 *(.rela.rodata.*)
 *(.rela.gnu.linkonce.r*)

.rel.data
 *(.rel.data)
 *(.rel.data.*)
 *(.rel.gnu.linkonce.d*)

.rela.data
 *(.rela.data)
 *(.rela.data.*)
 *(.rela.gnu.linkonce.d*)

.rel.ctors
 *(.rel.ctors)

.rela.ctors
 *(.rela.ctors)

.rel.dtors
 *(.rel.dtors)

.rela.dtors
 *(.rela.dtors)

.rel.got
 *(.rel.got)

.rela.got
 *(.rela.got)

.rel.bss
 *(.rel.bss)

.rela.bss
 *(.rela.bss)

.rel.plt
 *(.rel.plt)

.rela.plt
 *(.rela.plt)

.text           0x00000000     0x45ec
 *(.vectors)
 .vectors       0x00000000       0x54 c:/users/dell/downloads/sdk_win_64/sdk_win_64/winavr/bin/../lib/gcc/avr/4.3.3/../../../../avr/lib/avr5/crtm32.o
                0x00000000                __vectors
                0x00000000                __vector_default
 *(.vectors)
 *(.progmem.gcc*)
 *(.progmem*)
                0x00000054                . = ALIGN (0x2)
                0x00000054                __trampolines_start = .
 *(.trampolines)
 .trampolines   0x00000054        0x0 linker stubs
 *(.trampolines*)
                0x00000054                __trampolines_end = .
 *(.jumptables)
 *(.jumptables*)
 *(.lowtext)
 *(.lowtext*)
                0x00000054                __ctors_start = .
 *(.ctors)
                0x00000054                __ctors_end = .
                0x00000054                __dtors_start = .
 *(.dtors)
                0x00000054                __dtors_end = .
 SORT(*)(.ctors)
 SORT(*)(.dtors)
 *(.init0)
 .init0         0x00000054        0x0 c:/users/dell/downloads/sdk_win_64/sdk_win_64/winavr/bin/../lib/gcc/avr/4.3.3/../../../../avr/lib/avr5/crtm32.o
                0x00000054                __init
 *(.init0)
 *(.init1)
 *(.init1)
 *(.init2)
 .init2         0x00000054        0xc c:/users/dell/downloads/sdk_win_64/sdk_win_64/winavr/bin/../lib/gcc/avr/4.3.3/../../../../avr/lib/avr5/crtm32.o
 *(.init2)
 *(.init3)
 *(.init3)
 *(.init4)
 .init4         0x00000060       0x16 c:/users/dell/downloads/sdk_win_64/sdk_win_64/winavr/bin/../lib/gcc/avr/4.3.3/avr5\libgcc.a(_copy_data.o)
                0x00000060                __do_copy_data
 .init4         0x00000076       0x10 c:/users/dell/downloads/sdk_win_64/sdk_win_64/winavr/bin/../lib/gcc/avr/4.3.3/avr5\libgcc.a(_clear_bss.o)
                0x00000076                __do_clear_bss
 *(.init4)
 *(.init5)
 *(.init5)
 *(.init6)
 *(.init6)
 *(.init7)
 *(.init7)
 *(.init8)
 *(.init8)
 *(.init9)
 .init9         0x00000086        0x8 c:/users/dell/downloads/sdk_win_64/sdk_win_64/winavr/bin/../lib/gcc/avr/4.3.3/../../../../avr/lib/avr5/crtm32.o
 *(.init9)
 *(.text)
 .text          0x0000008e        0x4 c:/users/dell/downloads/sdk_win_64/sdk_win_64/winavr/bin/../lib/gcc/avr/4.3.3/../../../../avr/lib/avr5/crtm32.o
                0x0000008e                __vector_12
                0x0000008e                __bad_interrupt
                0x0000008e                __vector_6
                0x0000008e                __vector_11
                0x0000008e                __vector_13
                0x0000008e                __vector_17
                0x0000008e                __vector_19
                0x0000008e                __vector_7
                0x0000008e                __vector_5
                0x0000008e                __vector_4
                0x0000008e                __vector_9
                0x0000008e                __vector_15
                0x0000008e                __vector_8
                0x0000008e                __vector_14
                0x0000008e                __vector_10
                0x0000008e                __vector_18
                0x0000008e                __vector_20
 .text          0x00000092        0x0 ./ATmega32_CTOS/MCAL/GIE/GIE_prog.o
 .text          0x00000092        0x0 ./ATmega32_CTOS/MCAL/EXTI/EXTI_config.o
 .text          0x00000092        0x0 ./ATmega32_CTOS/MCAL/EXTI/EXTI_prog.o
 .text          0x00000092        0x0 ./ATmega32_CTOS/MCAL/DIO/DIO_prog.o
 .text          0x00000092        0x0 ./ATmega32_CTOS/MCAL/ADC/ADC_prog.o
 .text          0x00000092        0x0 ./ATmega32_CTOS/HAL/switch/Switch_config.o
 .text          0x00000092        0x0 ./ATmega32_CTOS/HAL/switch/Switch_prog.o
 .text          0x00000092        0x0 ./ATmega32_CTOS/HAL/seven_segment/Seven_segment_config.o
 .text          0x00000092        0x0 ./ATmega32_CTOS/HAL/seven_segment/Seven_segment_prog.o
 .text          0x00000092        0x0 ./ATmega32_CTOS/HAL/keypad/Keypad_prog.o
 .text          0x00000092        0x0 ./ATmega32_CTOS/HAL/LED/LED_config.o
 .text          0x00000092        0x0 ./ATmega32_CTOS/HAL/LED/LED_prog.o
 .text          0x00000092        0x0 ./ATmega32_CTOS/HAL/LCD/LCD_prog.o
 .text          0x00000092        0x0 ./main.o
 .text          0x00000092        0x0 c:/users/dell/downloads/sdk_win_64/sdk_win_64/winavr/bin/../lib/gcc/avr/4.3.3/avr5\libgcc.a(_udivmodhi4.o)
 .text          0x00000092        0x0 c:/users/dell/downloads/sdk_win_64/sdk_win_64/winavr/bin/../lib/gcc/avr/4.3.3/avr5\libgcc.a(_divmodsi4.o)
 .text          0x00000092        0x0 c:/users/dell/downloads/sdk_win_64/sdk_win_64/winavr/bin/../lib/gcc/avr/4.3.3/avr5\libgcc.a(_exit.o)
 .text          0x00000092        0x0 c:/users/dell/downloads/sdk_win_64/sdk_win_64/winavr/bin/../lib/gcc/avr/4.3.3/avr5\libgcc.a(_copy_data.o)
 .text          0x00000092        0x0 c:/users/dell/downloads/sdk_win_64/sdk_win_64/winavr/bin/../lib/gcc/avr/4.3.3/avr5\libgcc.a(_clear_bss.o)
 .text          0x00000092       0xfe c:/users/dell/downloads/sdk_win_64/sdk_win_64/winavr/bin/../lib/gcc/avr/4.3.3/avr5\libgcc.a(_lshrdi3.o)
                0x00000092                __lshrdi3
 .text          0x00000190       0xfe c:/users/dell/downloads/sdk_win_64/sdk_win_64/winavr/bin/../lib/gcc/avr/4.3.3/avr5\libgcc.a(_ashldi3.o)
                0x00000190                __ashldi3
 .text          0x0000028e       0x58 c:/users/dell/downloads/sdk_win_64/sdk_win_64/winavr/bin/../lib/gcc/avr/4.3.3/avr5\libgcc.a(_fixunssfsi.o)
                0x0000028e                __fixunssfsi
 .text          0x000002e6      0x354 c:/users/dell/downloads/sdk_win_64/sdk_win_64/winavr/bin/../lib/gcc/avr/4.3.3/avr5\libgcc.a(_addsub_sf.o)
                0x0000057e                __subsf3
                0x000005e0                __addsf3
 .text          0x0000063a      0x1f4 c:/users/dell/downloads/sdk_win_64/sdk_win_64/winavr/bin/../lib/gcc/avr/4.3.3/avr5\libgcc.a(_mul_sf.o)
                0x0000063a                __mulsf3
 .text          0x0000082e       0x60 c:/users/dell/downloads/sdk_win_64/sdk_win_64/winavr/bin/../lib/gcc/avr/4.3.3/avr5\libgcc.a(_eq_sf.o)
                0x0000082e                __eqsf2
 .text          0x0000088e       0x60 c:/users/dell/downloads/sdk_win_64/sdk_win_64/winavr/bin/../lib/gcc/avr/4.3.3/avr5\libgcc.a(_ne_sf.o)
                0x0000088e                __nesf2
 .text          0x000008ee       0x60 c:/users/dell/downloads/sdk_win_64/sdk_win_64/winavr/bin/../lib/gcc/avr/4.3.3/avr5\libgcc.a(_gt_sf.o)
                0x000008ee                __gtsf2
 .text          0x0000094e       0x60 c:/users/dell/downloads/sdk_win_64/sdk_win_64/winavr/bin/../lib/gcc/avr/4.3.3/avr5\libgcc.a(_ge_sf.o)
                0x0000094e                __gesf2
 .text          0x000009ae       0x60 c:/users/dell/downloads/sdk_win_64/sdk_win_64/winavr/bin/../lib/gcc/avr/4.3.3/avr5\libgcc.a(_lt_sf.o)
                0x000009ae                __ltsf2
 .text          0x00000a0e       0xbc c:/users/dell/downloads/sdk_win_64/sdk_win_64/winavr/bin/../lib/gcc/avr/4.3.3/avr5\libgcc.a(_si_to_sf.o)
                0x00000a0e                __floatsisf
 .text          0x00000aca       0xa8 c:/users/dell/downloads/sdk_win_64/sdk_win_64/winavr/bin/../lib/gcc/avr/4.3.3/avr5\libgcc.a(_sf_to_si.o)
                0x00000aca                __fixsfsi
 .text          0x00000b72        0x0 c:/users/dell/downloads/sdk_win_64/sdk_win_64/winavr/bin/../lib/gcc/avr/4.3.3/avr5\libgcc.a(_thenan_sf.o)
 .text          0x00000b72        0x0 c:/users/dell/downloads/sdk_win_64/sdk_win_64/winavr/bin/../lib/gcc/avr/4.3.3/avr5\libgcc.a(_udivmodsi4.o)
 .text          0x00000b72        0x0 c:/users/dell/downloads/sdk_win_64/sdk_win_64/winavr/bin/../lib/gcc/avr/4.3.3/avr5\libgcc.a(_prologue.o)
 .text          0x00000b72        0x0 c:/users/dell/downloads/sdk_win_64/sdk_win_64/winavr/bin/../lib/gcc/avr/4.3.3/avr5\libgcc.a(_epilogue.o)
 .text          0x00000b72       0x9e c:/users/dell/downloads/sdk_win_64/sdk_win_64/winavr/bin/../lib/gcc/avr/4.3.3/avr5\libgcc.a(_clzsi2.o)
                0x00000b72                __clzsi2
 .text          0x00000c10      0x1aa c:/users/dell/downloads/sdk_win_64/sdk_win_64/winavr/bin/../lib/gcc/avr/4.3.3/avr5\libgcc.a(_pack_sf.o)
                0x00000c10                __pack_f
 .text          0x00000dba       0xf0 c:/users/dell/downloads/sdk_win_64/sdk_win_64/winavr/bin/../lib/gcc/avr/4.3.3/avr5\libgcc.a(_unpack_sf.o)
                0x00000dba                __unpack_f
 .text          0x00000eaa       0xb2 c:/users/dell/downloads/sdk_win_64/sdk_win_64/winavr/bin/../lib/gcc/avr/4.3.3/avr5\libgcc.a(_fpcmp_parts_sf.o)
                0x00000eaa                __fpcmp_parts_f
 .text          0x00000f5c        0x0 c:/users/dell/downloads/sdk_win_64/sdk_win_64/winavr/bin/../lib/gcc/avr/4.3.3/avr5\libgcc.a(_clz.o)
                0x00000f5c                . = ALIGN (0x2)
 *(.text.*)
 .text.GIE_viodEnable
                0x00000f5c       0x1c ./ATmega32_CTOS/MCAL/GIE/GIE_prog.o
                0x00000f5c                GIE_viodEnable
 .text.GIE_viodDisable
                0x00000f78       0x1c ./ATmega32_CTOS/MCAL/GIE/GIE_prog.o
                0x00000f78                GIE_viodDisable
 .text.EXTI_enuInit
                0x00000f94      0x264 ./ATmega32_CTOS/MCAL/EXTI/EXTI_prog.o
                0x00000f94                EXTI_enuInit
 .text.EXTI_enuSetSenseCtrl
                0x000011f8      0x220 ./ATmega32_CTOS/MCAL/EXTI/EXTI_prog.o
                0x000011f8                EXTI_enuSetSenseCtrl
 .text.EXTI_enuIntEnable
                0x00001418       0x88 ./ATmega32_CTOS/MCAL/EXTI/EXTI_prog.o
                0x00001418                EXTI_enuIntEnable
 .text.EXTI_enuIntDisable
                0x000014a0       0x88 ./ATmega32_CTOS/MCAL/EXTI/EXTI_prog.o
                0x000014a0                EXTI_enuIntDisable
 .text.EXIT_enuINT0SetCallBack
                0x00001528       0x3e ./ATmega32_CTOS/MCAL/EXTI/EXTI_prog.o
                0x00001528                EXIT_enuINT0SetCallBack
 .text.EXIT_enuINT1SetCallBack
                0x00001566       0x3e ./ATmega32_CTOS/MCAL/EXTI/EXTI_prog.o
                0x00001566                EXIT_enuINT1SetCallBack
 .text.EXIT_enuINT2SetCallBack
                0x000015a4       0x3e ./ATmega32_CTOS/MCAL/EXTI/EXTI_prog.o
                0x000015a4                EXIT_enuINT2SetCallBack
 .text.__vector_1
                0x000015e2       0x66 ./ATmega32_CTOS/MCAL/EXTI/EXTI_prog.o
                0x000015e2                __vector_1
 .text.__vector_2
                0x00001648       0x66 ./ATmega32_CTOS/MCAL/EXTI/EXTI_prog.o
                0x00001648                __vector_2
 .text.__vector_3
                0x000016ae       0x66 ./ATmega32_CTOS/MCAL/EXTI/EXTI_prog.o
                0x000016ae                __vector_3
 .text.DIO_enuInit
                0x00001714       0x58 ./ATmega32_CTOS/MCAL/DIO/DIO_prog.o
                0x00001714                DIO_enuInit
 .text.DIO_enuSetPortDir
                0x0000176c       0x9a ./ATmega32_CTOS/MCAL/DIO/DIO_prog.o
                0x0000176c                DIO_enuSetPortDir
 .text.DIO_enuSetPortVal
                0x00001806       0x9a ./ATmega32_CTOS/MCAL/DIO/DIO_prog.o
                0x00001806                DIO_enuSetPortVal
 .text.DIO_enuTogglePort
                0x000018a0       0xae ./ATmega32_CTOS/MCAL/DIO/DIO_prog.o
                0x000018a0                DIO_enuTogglePort
 .text.DIO_enuGetPortVal
                0x0000194e       0xbe ./ATmega32_CTOS/MCAL/DIO/DIO_prog.o
                0x0000194e                DIO_enuGetPortVal
 .text.DIO_enuSetPinDir
                0x00001a0c      0x1d8 ./ATmega32_CTOS/MCAL/DIO/DIO_prog.o
                0x00001a0c                DIO_enuSetPinDir
 .text.DIO_enuSetPinVal
                0x00001be4      0x1d8 ./ATmega32_CTOS/MCAL/DIO/DIO_prog.o
                0x00001be4                DIO_enuSetPinVal
 .text.DIO_enuTogglePin
                0x00001dbc      0x11c ./ATmega32_CTOS/MCAL/DIO/DIO_prog.o
                0x00001dbc                DIO_enuTogglePin
 .text.DIO_enuGetPinVal
                0x00001ed8      0x13c ./ATmega32_CTOS/MCAL/DIO/DIO_prog.o
                0x00001ed8                DIO_enuGetPinVal
 .text.ADC_enuInit
                0x00002014       0xa2 ./ATmega32_CTOS/MCAL/ADC/ADC_prog.o
                0x00002014                ADC_enuInit
 .text.ADC_enuBlockingRead
                0x000020b6       0xee ./ATmega32_CTOS/MCAL/ADC/ADC_prog.o
                0x000020b6                ADC_enuBlockingRead
 .text.ADC_enuReadNonBlocking
                0x000021a4       0xae ./ATmega32_CTOS/MCAL/ADC/ADC_prog.o
                0x000021a4                ADC_enuReadNonBlocking
 .text.__vector_16
                0x00002252       0x76 ./ATmega32_CTOS/MCAL/ADC/ADC_prog.o
                0x00002252                __vector_16
 .text.Switch_enuInit
                0x000022c8       0xee ./ATmega32_CTOS/HAL/switch/Switch_prog.o
                0x000022c8                Switch_enuInit
 .text.Switch_enuGetState
                0x000023b6       0x5a ./ATmega32_CTOS/HAL/switch/Switch_prog.o
                0x000023b6                Switch_enuGetState
 .text.LCD_enuInit
                0x00002410      0xda6 ./ATmega32_CTOS/HAL/LCD/LCD_prog.o
                0x00002410                LCD_enuInit
 .text.LCD_enuSendChar
                0x000031b6       0x30 ./ATmega32_CTOS/HAL/LCD/LCD_prog.o
                0x000031b6                LCD_enuSendChar
 .text.LCD_enuSendCommand
                0x000031e6       0x30 ./ATmega32_CTOS/HAL/LCD/LCD_prog.o
                0x000031e6                LCD_enuSendCommand
 .text.LCD_enuClearDisplay
                0x00003216       0x1e ./ATmega32_CTOS/HAL/LCD/LCD_prog.o
                0x00003216                LCD_enuClearDisplay
 .text.LCD_enuDisplayString
                0x00003234       0x72 ./ATmega32_CTOS/HAL/LCD/LCD_prog.o
                0x00003234                LCD_enuDisplayString
 .text.LCD_enuCreatChar
                0x000032a6       0x90 ./ATmega32_CTOS/HAL/LCD/LCD_prog.o
                0x000032a6                LCD_enuCreatChar
 .text.LCD_enuGoto
                0x00003336       0x3c ./ATmega32_CTOS/HAL/LCD/LCD_prog.o
                0x00003336                LCD_enuGoto
 .text.LCD_enuWriteNumber
                0x00003372      0x272 ./ATmega32_CTOS/HAL/LCD/LCD_prog.o
                0x00003372                LCD_enuWriteNumber
 .text.LCD_inenuLatch
                0x000035e4      0x746 ./ATmega32_CTOS/HAL/LCD/LCD_prog.o
 .text.LCD_inenuSendCommand
                0x00003d2a       0x30 ./ATmega32_CTOS/HAL/LCD/LCD_prog.o
 .text.main     0x00003d5a      0x73e ./main.o
                0x00003d5a                main
 .text.INT0_ISR
                0x00004498       0x20 ./main.o
                0x00004498                INT0_ISR
 .text.INT1_ISR
                0x000044b8       0x20 ./main.o
                0x000044b8                INT1_ISR
 .text.libgcc   0x000044d8       0x28 c:/users/dell/downloads/sdk_win_64/sdk_win_64/winavr/bin/../lib/gcc/avr/4.3.3/avr5\libgcc.a(_udivmodhi4.o)
                0x000044d8                __udivmodhi4
 .text.libgcc   0x00004500       0x36 c:/users/dell/downloads/sdk_win_64/sdk_win_64/winavr/bin/../lib/gcc/avr/4.3.3/avr5\libgcc.a(_divmodsi4.o)
                0x00004500                __divmodsi4
 .text.libgcc   0x00004536        0x0 c:/users/dell/downloads/sdk_win_64/sdk_win_64/winavr/bin/../lib/gcc/avr/4.3.3/avr5\libgcc.a(_exit.o)
 .text.libgcc   0x00004536        0x0 c:/users/dell/downloads/sdk_win_64/sdk_win_64/winavr/bin/../lib/gcc/avr/4.3.3/avr5\libgcc.a(_copy_data.o)
 .text.libgcc   0x00004536        0x0 c:/users/dell/downloads/sdk_win_64/sdk_win_64/winavr/bin/../lib/gcc/avr/4.3.3/avr5\libgcc.a(_clear_bss.o)
 .text.libgcc   0x00004536       0x44 c:/users/dell/downloads/sdk_win_64/sdk_win_64/winavr/bin/../lib/gcc/avr/4.3.3/avr5\libgcc.a(_udivmodsi4.o)
                0x00004536                __udivmodsi4
 .text.libgcc   0x0000457a       0x38 c:/users/dell/downloads/sdk_win_64/sdk_win_64/winavr/bin/../lib/gcc/avr/4.3.3/avr5\libgcc.a(_prologue.o)
                0x0000457a                __prologue_saves__
 .text.libgcc   0x000045b2       0x36 c:/users/dell/downloads/sdk_win_64/sdk_win_64/winavr/bin/../lib/gcc/avr/4.3.3/avr5\libgcc.a(_epilogue.o)
                0x000045b2                __epilogue_restores__
                0x000045e8                . = ALIGN (0x2)
 *(.fini9)
 .fini9         0x000045e8        0x0 c:/users/dell/downloads/sdk_win_64/sdk_win_64/winavr/bin/../lib/gcc/avr/4.3.3/avr5\libgcc.a(_exit.o)
                0x000045e8                exit
                0x000045e8                _exit
 *(.fini9)
 *(.fini8)
 *(.fini8)
 *(.fini7)
 *(.fini7)
 *(.fini6)
 *(.fini6)
 *(.fini5)
 *(.fini5)
 *(.fini4)
 *(.fini4)
 *(.fini3)
 *(.fini3)
 *(.fini2)
 *(.fini2)
 *(.fini1)
 *(.fini1)
 *(.fini0)
 .fini0         0x000045e8        0x4 c:/users/dell/downloads/sdk_win_64/sdk_win_64/winavr/bin/../lib/gcc/avr/4.3.3/avr5\libgcc.a(_exit.o)
 *(.fini0)
                0x000045ec                _etext = .

.data           0x00800060      0x202 load address 0x000045ec
                0x00800060                PROVIDE (__data_start, .)
 *(.data)
 .data          0x00800060        0x0 c:/users/dell/downloads/sdk_win_64/sdk_win_64/winavr/bin/../lib/gcc/avr/4.3.3/../../../../avr/lib/avr5/crtm32.o
 .data          0x00800060        0x0 ./ATmega32_CTOS/MCAL/GIE/GIE_prog.o
 .data          0x00800060        0x0 ./ATmega32_CTOS/MCAL/EXTI/EXTI_config.o
 .data          0x00800060        0x0 ./ATmega32_CTOS/MCAL/EXTI/EXTI_prog.o
 .data          0x00800060        0x0 ./ATmega32_CTOS/MCAL/DIO/DIO_prog.o
 .data          0x00800060        0x0 ./ATmega32_CTOS/MCAL/ADC/ADC_prog.o
 .data          0x00800060        0x0 ./ATmega32_CTOS/HAL/switch/Switch_config.o
 .data          0x00800060        0x0 ./ATmega32_CTOS/HAL/switch/Switch_prog.o
 .data          0x00800060        0x0 ./ATmega32_CTOS/HAL/seven_segment/Seven_segment_config.o
 .data          0x00800060        0x0 ./ATmega32_CTOS/HAL/seven_segment/Seven_segment_prog.o
 .data          0x00800060        0x0 ./ATmega32_CTOS/HAL/keypad/Keypad_prog.o
 .data          0x00800060        0x0 ./ATmega32_CTOS/HAL/LED/LED_config.o
 .data          0x00800060        0x0 ./ATmega32_CTOS/HAL/LED/LED_prog.o
 .data          0x00800060        0x0 ./ATmega32_CTOS/HAL/LCD/LCD_prog.o
 .data          0x00800060       0x92 ./main.o
 .data          0x008000f2        0x0 c:/users/dell/downloads/sdk_win_64/sdk_win_64/winavr/bin/../lib/gcc/avr/4.3.3/avr5\libgcc.a(_udivmodhi4.o)
 .data          0x008000f2        0x0 c:/users/dell/downloads/sdk_win_64/sdk_win_64/winavr/bin/../lib/gcc/avr/4.3.3/avr5\libgcc.a(_divmodsi4.o)
 .data          0x008000f2        0x0 c:/users/dell/downloads/sdk_win_64/sdk_win_64/winavr/bin/../lib/gcc/avr/4.3.3/avr5\libgcc.a(_exit.o)
 .data          0x008000f2        0x0 c:/users/dell/downloads/sdk_win_64/sdk_win_64/winavr/bin/../lib/gcc/avr/4.3.3/avr5\libgcc.a(_copy_data.o)
 .data          0x008000f2        0x0 c:/users/dell/downloads/sdk_win_64/sdk_win_64/winavr/bin/../lib/gcc/avr/4.3.3/avr5\libgcc.a(_clear_bss.o)
 .data          0x008000f2        0x0 c:/users/dell/downloads/sdk_win_64/sdk_win_64/winavr/bin/../lib/gcc/avr/4.3.3/avr5\libgcc.a(_lshrdi3.o)
 .data          0x008000f2        0x0 c:/users/dell/downloads/sdk_win_64/sdk_win_64/winavr/bin/../lib/gcc/avr/4.3.3/avr5\libgcc.a(_ashldi3.o)
 .data          0x008000f2        0x0 c:/users/dell/downloads/sdk_win_64/sdk_win_64/winavr/bin/../lib/gcc/avr/4.3.3/avr5\libgcc.a(_fixunssfsi.o)
 .data          0x008000f2        0x0 c:/users/dell/downloads/sdk_win_64/sdk_win_64/winavr/bin/../lib/gcc/avr/4.3.3/avr5\libgcc.a(_addsub_sf.o)
 .data          0x008000f2        0x0 c:/users/dell/downloads/sdk_win_64/sdk_win_64/winavr/bin/../lib/gcc/avr/4.3.3/avr5\libgcc.a(_mul_sf.o)
 .data          0x008000f2        0x0 c:/users/dell/downloads/sdk_win_64/sdk_win_64/winavr/bin/../lib/gcc/avr/4.3.3/avr5\libgcc.a(_eq_sf.o)
 .data          0x008000f2        0x0 c:/users/dell/downloads/sdk_win_64/sdk_win_64/winavr/bin/../lib/gcc/avr/4.3.3/avr5\libgcc.a(_ne_sf.o)
 .data          0x008000f2        0x0 c:/users/dell/downloads/sdk_win_64/sdk_win_64/winavr/bin/../lib/gcc/avr/4.3.3/avr5\libgcc.a(_gt_sf.o)
 .data          0x008000f2        0x0 c:/users/dell/downloads/sdk_win_64/sdk_win_64/winavr/bin/../lib/gcc/avr/4.3.3/avr5\libgcc.a(_ge_sf.o)
 .data          0x008000f2        0x0 c:/users/dell/downloads/sdk_win_64/sdk_win_64/winavr/bin/../lib/gcc/avr/4.3.3/avr5\libgcc.a(_lt_sf.o)
 .data          0x008000f2        0x0 c:/users/dell/downloads/sdk_win_64/sdk_win_64/winavr/bin/../lib/gcc/avr/4.3.3/avr5\libgcc.a(_si_to_sf.o)
 .data          0x008000f2        0x0 c:/users/dell/downloads/sdk_win_64/sdk_win_64/winavr/bin/../lib/gcc/avr/4.3.3/avr5\libgcc.a(_sf_to_si.o)
 .data          0x008000f2        0x8 c:/users/dell/downloads/sdk_win_64/sdk_win_64/winavr/bin/../lib/gcc/avr/4.3.3/avr5\libgcc.a(_thenan_sf.o)
                0x008000f2                __thenan_sf
 .data          0x008000fa        0x0 c:/users/dell/downloads/sdk_win_64/sdk_win_64/winavr/bin/../lib/gcc/avr/4.3.3/avr5\libgcc.a(_udivmodsi4.o)
 .data          0x008000fa        0x0 c:/users/dell/downloads/sdk_win_64/sdk_win_64/winavr/bin/../lib/gcc/avr/4.3.3/avr5\libgcc.a(_prologue.o)
 .data          0x008000fa        0x0 c:/users/dell/downloads/sdk_win_64/sdk_win_64/winavr/bin/../lib/gcc/avr/4.3.3/avr5\libgcc.a(_epilogue.o)
 .data          0x008000fa        0x0 c:/users/dell/downloads/sdk_win_64/sdk_win_64/winavr/bin/../lib/gcc/avr/4.3.3/avr5\libgcc.a(_clzsi2.o)
 .data          0x008000fa        0x0 c:/users/dell/downloads/sdk_win_64/sdk_win_64/winavr/bin/../lib/gcc/avr/4.3.3/avr5\libgcc.a(_pack_sf.o)
 .data          0x008000fa        0x0 c:/users/dell/downloads/sdk_win_64/sdk_win_64/winavr/bin/../lib/gcc/avr/4.3.3/avr5\libgcc.a(_unpack_sf.o)
 .data          0x008000fa        0x0 c:/users/dell/downloads/sdk_win_64/sdk_win_64/winavr/bin/../lib/gcc/avr/4.3.3/avr5\libgcc.a(_fpcmp_parts_sf.o)
 .data          0x008000fa      0x100 c:/users/dell/downloads/sdk_win_64/sdk_win_64/winavr/bin/../lib/gcc/avr/4.3.3/avr5\libgcc.a(_clz.o)
                0x008000fa                __clz_tab
 *(.data*)
 .data.EXTI_AstrEXTIConfig
                0x008001fa        0x6 ./ATmega32_CTOS/MCAL/EXTI/EXTI_config.o
                0x008001fa                EXTI_AstrEXTIConfig
 .data.Global_u8ADCState
                0x00800200        0x1 ./ATmega32_CTOS/MCAL/ADC/ADC_prog.o
 .data.Switch_ArrStrSwitchState
                0x00800201        0x9 ./ATmega32_CTOS/HAL/switch/Switch_config.o
                0x00800201                Switch_ArrStrSwitchState
 .data.SEVEN_SEG_Au8Numbers
                0x0080020a        0xa ./ATmega32_CTOS/HAL/seven_segment/Seven_segment_config.o
 .data.SEVSEG_AstrConfig
                0x00800214       0x26 ./ATmega32_CTOS/HAL/seven_segment/Seven_segment_config.o
                0x00800214                SEVSEG_AstrConfig
 .data.LED_AstrLedConfig
                0x0080023a        0xc ./ATmega32_CTOS/HAL/LED/LED_config.o
                0x0080023a                LED_AstrLedConfig
 .data.Local_Au8Digits.1496
                0x00800246       0x10 ./ATmega32_CTOS/HAL/LCD/LCD_prog.o
 .data.Global_u8Turn
                0x00800256        0x1 ./main.o
                0x00800256                Global_u8Turn
 .data.Global_u8win1
                0x00800257        0x1 ./main.o
                0x00800257                Global_u8win1
 .data.Global_u8win2
                0x00800258        0x1 ./main.o
                0x00800258                Global_u8win2
 *(.rodata)
 *(.rodata*)
 .rodata.C.0.1375
                0x00800259        0x8 ./main.o
 *(.gnu.linkonce.d*)
                0x00800262                . = ALIGN (0x2)
 *fill*         0x00800261        0x1 00
                0x00800262                _edata = .
                0x00800262                PROVIDE (__data_end, .)

.bss            0x00800262       0x10
                0x00800262                PROVIDE (__bss_start, .)
 *(.bss)
 .bss           0x00800262        0x0 c:/users/dell/downloads/sdk_win_64/sdk_win_64/winavr/bin/../lib/gcc/avr/4.3.3/../../../../avr/lib/avr5/crtm32.o
 .bss           0x00800262        0x0 ./ATmega32_CTOS/MCAL/GIE/GIE_prog.o
 .bss           0x00800262        0x0 ./ATmega32_CTOS/MCAL/EXTI/EXTI_config.o
 .bss           0x00800262        0x0 ./ATmega32_CTOS/MCAL/EXTI/EXTI_prog.o
 .bss           0x00800262        0x0 ./ATmega32_CTOS/MCAL/DIO/DIO_prog.o
 .bss           0x00800262        0x0 ./ATmega32_CTOS/MCAL/ADC/ADC_prog.o
 .bss           0x00800262        0x0 ./ATmega32_CTOS/HAL/switch/Switch_config.o
 .bss           0x00800262        0x0 ./ATmega32_CTOS/HAL/switch/Switch_prog.o
 .bss           0x00800262        0x0 ./ATmega32_CTOS/HAL/seven_segment/Seven_segment_config.o
 .bss           0x00800262        0x0 ./ATmega32_CTOS/HAL/seven_segment/Seven_segment_prog.o
 .bss           0x00800262        0x0 ./ATmega32_CTOS/HAL/keypad/Keypad_prog.o
 .bss           0x00800262        0x0 ./ATmega32_CTOS/HAL/LED/LED_config.o
 .bss           0x00800262        0x0 ./ATmega32_CTOS/HAL/LED/LED_prog.o
 .bss           0x00800262        0x0 ./ATmega32_CTOS/HAL/LCD/LCD_prog.o
 .bss           0x00800262        0x0 ./main.o
 .bss           0x00800262        0x0 c:/users/dell/downloads/sdk_win_64/sdk_win_64/winavr/bin/../lib/gcc/avr/4.3.3/avr5\libgcc.a(_udivmodhi4.o)
 .bss           0x00800262        0x0 c:/users/dell/downloads/sdk_win_64/sdk_win_64/winavr/bin/../lib/gcc/avr/4.3.3/avr5\libgcc.a(_divmodsi4.o)
 .bss           0x00800262        0x0 c:/users/dell/downloads/sdk_win_64/sdk_win_64/winavr/bin/../lib/gcc/avr/4.3.3/avr5\libgcc.a(_exit.o)
 .bss           0x00800262        0x0 c:/users/dell/downloads/sdk_win_64/sdk_win_64/winavr/bin/../lib/gcc/avr/4.3.3/avr5\libgcc.a(_copy_data.o)
 .bss           0x00800262        0x0 c:/users/dell/downloads/sdk_win_64/sdk_win_64/winavr/bin/../lib/gcc/avr/4.3.3/avr5\libgcc.a(_clear_bss.o)
 .bss           0x00800262        0x0 c:/users/dell/downloads/sdk_win_64/sdk_win_64/winavr/bin/../lib/gcc/avr/4.3.3/avr5\libgcc.a(_lshrdi3.o)
 .bss           0x00800262        0x0 c:/users/dell/downloads/sdk_win_64/sdk_win_64/winavr/bin/../lib/gcc/avr/4.3.3/avr5\libgcc.a(_ashldi3.o)
 .bss           0x00800262        0x0 c:/users/dell/downloads/sdk_win_64/sdk_win_64/winavr/bin/../lib/gcc/avr/4.3.3/avr5\libgcc.a(_fixunssfsi.o)
 .bss           0x00800262        0x0 c:/users/dell/downloads/sdk_win_64/sdk_win_64/winavr/bin/../lib/gcc/avr/4.3.3/avr5\libgcc.a(_addsub_sf.o)
 .bss           0x00800262        0x0 c:/users/dell/downloads/sdk_win_64/sdk_win_64/winavr/bin/../lib/gcc/avr/4.3.3/avr5\libgcc.a(_mul_sf.o)
 .bss           0x00800262        0x0 c:/users/dell/downloads/sdk_win_64/sdk_win_64/winavr/bin/../lib/gcc/avr/4.3.3/avr5\libgcc.a(_eq_sf.o)
 .bss           0x00800262        0x0 c:/users/dell/downloads/sdk_win_64/sdk_win_64/winavr/bin/../lib/gcc/avr/4.3.3/avr5\libgcc.a(_ne_sf.o)
 .bss           0x00800262        0x0 c:/users/dell/downloads/sdk_win_64/sdk_win_64/winavr/bin/../lib/gcc/avr/4.3.3/avr5\libgcc.a(_gt_sf.o)
 .bss           0x00800262        0x0 c:/users/dell/downloads/sdk_win_64/sdk_win_64/winavr/bin/../lib/gcc/avr/4.3.3/avr5\libgcc.a(_ge_sf.o)
 .bss           0x00800262        0x0 c:/users/dell/downloads/sdk_win_64/sdk_win_64/winavr/bin/../lib/gcc/avr/4.3.3/avr5\libgcc.a(_lt_sf.o)
 .bss           0x00800262        0x0 c:/users/dell/downloads/sdk_win_64/sdk_win_64/winavr/bin/../lib/gcc/avr/4.3.3/avr5\libgcc.a(_si_to_sf.o)
 .bss           0x00800262        0x0 c:/users/dell/downloads/sdk_win_64/sdk_win_64/winavr/bin/../lib/gcc/avr/4.3.3/avr5\libgcc.a(_sf_to_si.o)
 .bss           0x00800262        0x0 c:/users/dell/downloads/sdk_win_64/sdk_win_64/winavr/bin/../lib/gcc/avr/4.3.3/avr5\libgcc.a(_thenan_sf.o)
 .bss           0x00800262        0x0 c:/users/dell/downloads/sdk_win_64/sdk_win_64/winavr/bin/../lib/gcc/avr/4.3.3/avr5\libgcc.a(_udivmodsi4.o)
 .bss           0x00800262        0x0 c:/users/dell/downloads/sdk_win_64/sdk_win_64/winavr/bin/../lib/gcc/avr/4.3.3/avr5\libgcc.a(_prologue.o)
 .bss           0x00800262        0x0 c:/users/dell/downloads/sdk_win_64/sdk_win_64/winavr/bin/../lib/gcc/avr/4.3.3/avr5\libgcc.a(_epilogue.o)
 .bss           0x00800262        0x0 c:/users/dell/downloads/sdk_win_64/sdk_win_64/winavr/bin/../lib/gcc/avr/4.3.3/avr5\libgcc.a(_clzsi2.o)
 .bss           0x00800262        0x0 c:/users/dell/downloads/sdk_win_64/sdk_win_64/winavr/bin/../lib/gcc/avr/4.3.3/avr5\libgcc.a(_pack_sf.o)
 .bss           0x00800262        0x0 c:/users/dell/downloads/sdk_win_64/sdk_win_64/winavr/bin/../lib/gcc/avr/4.3.3/avr5\libgcc.a(_unpack_sf.o)
 .bss           0x00800262        0x0 c:/users/dell/downloads/sdk_win_64/sdk_win_64/winavr/bin/../lib/gcc/avr/4.3.3/avr5\libgcc.a(_fpcmp_parts_sf.o)
 .bss           0x00800262        0x0 c:/users/dell/downloads/sdk_win_64/sdk_win_64/winavr/bin/../lib/gcc/avr/4.3.3/avr5\libgcc.a(_clz.o)
 *(.bss*)
 .bss.Global_pvEXTI_INT0_ADD
                0x00800262        0x2 ./ATmega32_CTOS/MCAL/EXTI/EXTI_prog.o
                0x00800262                Global_pvEXTI_INT0_ADD
 .bss.Global_pvEXTI_INT1_ADD
                0x00800264        0x2 ./ATmega32_CTOS/MCAL/EXTI/EXTI_prog.o
                0x00800264                Global_pvEXTI_INT1_ADD
 .bss.Global_pvEXTI_INT2_ADD
                0x00800266        0x2 ./ATmega32_CTOS/MCAL/EXTI/EXTI_prog.o
                0x00800266                Global_pvEXTI_INT2_ADD
 .bss.Global_pvCallBack
                0x00800268        0x2 ./ATmega32_CTOS/MCAL/ADC/ADC_prog.o
 .bss.ADCValue  0x0080026a        0x2 ./ATmega32_CTOS/MCAL/ADC/ADC_prog.o
 .bss.Global_u8Flag
                0x0080026c        0x1 ./ATmega32_CTOS/HAL/LCD/LCD_prog.o
                0x0080026c                Global_u8Flag
 .bss.Global_u8Score1
                0x0080026d        0x1 ./main.o
                0x0080026d                Global_u8Score1
 .bss.Global_u8Score2
                0x0080026e        0x1 ./main.o
                0x0080026e                Global_u8Score2
 .bss.Global_u8AnotherRound
                0x0080026f        0x1 ./main.o
                0x0080026f                Global_u8AnotherRound
 .bss.Global_u8ShouwScore
                0x00800270        0x1 ./main.o
                0x00800270                Global_u8ShouwScore
 .bss.Global_u8Choose
                0x00800271        0x1 ./main.o
                0x00800271                Global_u8Choose
 *(COMMON)
                0x00800272                PROVIDE (__bss_end, .)
                0x000045ec                __data_load_start = LOADADDR (.data)
                0x000047ee                __data_load_end = (__data_load_start + SIZEOF (.data))

.noinit         0x00800272        0x0
                0x00800272                PROVIDE (__noinit_start, .)
 *(.noinit*)
                0x00800272                PROVIDE (__noinit_end, .)
                0x00800272                _end = .
                0x00800272                PROVIDE (__heap_start, .)

.eeprom         0x00810000        0x0
 *(.eeprom*)
                0x00810000                __eeprom_end = .

.fuse
 *(.fuse)
 *(.lfuse)
 *(.hfuse)
 *(.efuse)

.lock
 *(.lock*)

.signature
 *(.signature*)

.stab           0x00000000     0x4188
 *(.stab)
 .stab          0x00000000      0x1d4 ./ATmega32_CTOS/MCAL/GIE/GIE_prog.o
 .stab          0x000001d4      0x1c8 ./ATmega32_CTOS/MCAL/EXTI/EXTI_config.o
                                0x1d4 (size before relaxing)
 .stab          0x0000039c      0x8a0 ./ATmega32_CTOS/MCAL/EXTI/EXTI_prog.o
                                0x96c (size before relaxing)
 .stab          0x00000c3c      0x9cc ./ATmega32_CTOS/MCAL/DIO/DIO_prog.o
                                0x9d8 (size before relaxing)
 .stab          0x00001608      0x528 ./ATmega32_CTOS/MCAL/ADC/ADC_prog.o
                                0x534 (size before relaxing)
 .stab          0x00001b30      0x1c8 ./ATmega32_CTOS/HAL/switch/Switch_config.o
                                0x1d4 (size before relaxing)
 .stab          0x00001cf8      0x27c ./ATmega32_CTOS/HAL/switch/Switch_prog.o
                                0x348 (size before relaxing)
 .stab          0x00001f74      0x1d4 ./ATmega32_CTOS/HAL/seven_segment/Seven_segment_config.o
                                0x1e0 (size before relaxing)
 .stab          0x00002148       0xd8 ./ATmega32_CTOS/HAL/seven_segment/Seven_segment_prog.o
                                 0xe4 (size before relaxing)
 .stab          0x00002220       0xd8 ./ATmega32_CTOS/HAL/keypad/Keypad_prog.o
                                 0xe4 (size before relaxing)
 .stab          0x000022f8      0x1c8 ./ATmega32_CTOS/HAL/LED/LED_config.o
                                0x1d4 (size before relaxing)
 .stab          0x000024c0       0xd8 ./ATmega32_CTOS/HAL/LED/LED_prog.o
                                 0xe4 (size before relaxing)
 .stab          0x00002598     0x1218 ./ATmega32_CTOS/HAL/LCD/LCD_prog.o
                               0x1224 (size before relaxing)
 .stab          0x000037b0      0x9d8 ./main.o
                                0xb88 (size before relaxing)

.stabstr        0x00000000     0x1ccd
 *(.stabstr)
 .stabstr       0x00000000     0x1ccd ./ATmega32_CTOS/MCAL/GIE/GIE_prog.o

.stab.excl
 *(.stab.excl)

.stab.exclstr
 *(.stab.exclstr)

.stab.index
 *(.stab.index)

.stab.indexstr
 *(.stab.indexstr)

.comment
 *(.comment)

.debug
 *(.debug)

.line
 *(.line)

.debug_srcinfo
 *(.debug_srcinfo)

.debug_sfnames
 *(.debug_sfnames)

.debug_aranges  0x00000000      0x200
 *(.debug_aranges)
 .debug_aranges
                0x00000000       0x20 c:/users/dell/downloads/sdk_win_64/sdk_win_64/winavr/bin/../lib/gcc/avr/4.3.3/avr5\libgcc.a(_lshrdi3.o)
 .debug_aranges
                0x00000020       0x20 c:/users/dell/downloads/sdk_win_64/sdk_win_64/winavr/bin/../lib/gcc/avr/4.3.3/avr5\libgcc.a(_ashldi3.o)
 .debug_aranges
                0x00000040       0x20 c:/users/dell/downloads/sdk_win_64/sdk_win_64/winavr/bin/../lib/gcc/avr/4.3.3/avr5\libgcc.a(_fixunssfsi.o)
 .debug_aranges
                0x00000060       0x20 c:/users/dell/downloads/sdk_win_64/sdk_win_64/winavr/bin/../lib/gcc/avr/4.3.3/avr5\libgcc.a(_addsub_sf.o)
 .debug_aranges
                0x00000080       0x20 c:/users/dell/downloads/sdk_win_64/sdk_win_64/winavr/bin/../lib/gcc/avr/4.3.3/avr5\libgcc.a(_mul_sf.o)
 .debug_aranges
                0x000000a0       0x20 c:/users/dell/downloads/sdk_win_64/sdk_win_64/winavr/bin/../lib/gcc/avr/4.3.3/avr5\libgcc.a(_eq_sf.o)
 .debug_aranges
                0x000000c0       0x20 c:/users/dell/downloads/sdk_win_64/sdk_win_64/winavr/bin/../lib/gcc/avr/4.3.3/avr5\libgcc.a(_ne_sf.o)
 .debug_aranges
                0x000000e0       0x20 c:/users/dell/downloads/sdk_win_64/sdk_win_64/winavr/bin/../lib/gcc/avr/4.3.3/avr5\libgcc.a(_gt_sf.o)
 .debug_aranges
                0x00000100       0x20 c:/users/dell/downloads/sdk_win_64/sdk_win_64/winavr/bin/../lib/gcc/avr/4.3.3/avr5\libgcc.a(_ge_sf.o)
 .debug_aranges
                0x00000120       0x20 c:/users/dell/downloads/sdk_win_64/sdk_win_64/winavr/bin/../lib/gcc/avr/4.3.3/avr5\libgcc.a(_lt_sf.o)
 .debug_aranges
                0x00000140       0x20 c:/users/dell/downloads/sdk_win_64/sdk_win_64/winavr/bin/../lib/gcc/avr/4.3.3/avr5\libgcc.a(_si_to_sf.o)
 .debug_aranges
                0x00000160       0x20 c:/users/dell/downloads/sdk_win_64/sdk_win_64/winavr/bin/../lib/gcc/avr/4.3.3/avr5\libgcc.a(_sf_to_si.o)
 .debug_aranges
                0x00000180       0x20 c:/users/dell/downloads/sdk_win_64/sdk_win_64/winavr/bin/../lib/gcc/avr/4.3.3/avr5\libgcc.a(_clzsi2.o)
 .debug_aranges
                0x000001a0       0x20 c:/users/dell/downloads/sdk_win_64/sdk_win_64/winavr/bin/../lib/gcc/avr/4.3.3/avr5\libgcc.a(_pack_sf.o)
 .debug_aranges
                0x000001c0       0x20 c:/users/dell/downloads/sdk_win_64/sdk_win_64/winavr/bin/../lib/gcc/avr/4.3.3/avr5\libgcc.a(_unpack_sf.o)
 .debug_aranges
                0x000001e0       0x20 c:/users/dell/downloads/sdk_win_64/sdk_win_64/winavr/bin/../lib/gcc/avr/4.3.3/avr5\libgcc.a(_fpcmp_parts_sf.o)

.debug_pubnames
                0x00000000      0x24d
 *(.debug_pubnames)
 .debug_pubnames
                0x00000000       0x20 c:/users/dell/downloads/sdk_win_64/sdk_win_64/winavr/bin/../lib/gcc/avr/4.3.3/avr5\libgcc.a(_lshrdi3.o)
 .debug_pubnames
                0x00000020       0x20 c:/users/dell/downloads/sdk_win_64/sdk_win_64/winavr/bin/../lib/gcc/avr/4.3.3/avr5\libgcc.a(_ashldi3.o)
 .debug_pubnames
                0x00000040       0x23 c:/users/dell/downloads/sdk_win_64/sdk_win_64/winavr/bin/../lib/gcc/avr/4.3.3/avr5\libgcc.a(_fixunssfsi.o)
 .debug_pubnames
                0x00000063       0x2c c:/users/dell/downloads/sdk_win_64/sdk_win_64/winavr/bin/../lib/gcc/avr/4.3.3/avr5\libgcc.a(_addsub_sf.o)
 .debug_pubnames
                0x0000008f       0x1f c:/users/dell/downloads/sdk_win_64/sdk_win_64/winavr/bin/../lib/gcc/avr/4.3.3/avr5\libgcc.a(_mul_sf.o)
 .debug_pubnames
                0x000000ae       0x1e c:/users/dell/downloads/sdk_win_64/sdk_win_64/winavr/bin/../lib/gcc/avr/4.3.3/avr5\libgcc.a(_eq_sf.o)
 .debug_pubnames
                0x000000cc       0x1e c:/users/dell/downloads/sdk_win_64/sdk_win_64/winavr/bin/../lib/gcc/avr/4.3.3/avr5\libgcc.a(_ne_sf.o)
 .debug_pubnames
                0x000000ea       0x1e c:/users/dell/downloads/sdk_win_64/sdk_win_64/winavr/bin/../lib/gcc/avr/4.3.3/avr5\libgcc.a(_gt_sf.o)
 .debug_pubnames
                0x00000108       0x1e c:/users/dell/downloads/sdk_win_64/sdk_win_64/winavr/bin/../lib/gcc/avr/4.3.3/avr5\libgcc.a(_ge_sf.o)
 .debug_pubnames
                0x00000126       0x1e c:/users/dell/downloads/sdk_win_64/sdk_win_64/winavr/bin/../lib/gcc/avr/4.3.3/avr5\libgcc.a(_lt_sf.o)
 .debug_pubnames
                0x00000144       0x22 c:/users/dell/downloads/sdk_win_64/sdk_win_64/winavr/bin/../lib/gcc/avr/4.3.3/avr5\libgcc.a(_si_to_sf.o)
 .debug_pubnames
                0x00000166       0x20 c:/users/dell/downloads/sdk_win_64/sdk_win_64/winavr/bin/../lib/gcc/avr/4.3.3/avr5\libgcc.a(_sf_to_si.o)
 .debug_pubnames
                0x00000186       0x22 c:/users/dell/downloads/sdk_win_64/sdk_win_64/winavr/bin/../lib/gcc/avr/4.3.3/avr5\libgcc.a(_thenan_sf.o)
 .debug_pubnames
                0x000001a8       0x1f c:/users/dell/downloads/sdk_win_64/sdk_win_64/winavr/bin/../lib/gcc/avr/4.3.3/avr5\libgcc.a(_clzsi2.o)
 .debug_pubnames
                0x000001c7       0x1f c:/users/dell/downloads/sdk_win_64/sdk_win_64/winavr/bin/../lib/gcc/avr/4.3.3/avr5\libgcc.a(_pack_sf.o)
 .debug_pubnames
                0x000001e6       0x21 c:/users/dell/downloads/sdk_win_64/sdk_win_64/winavr/bin/../lib/gcc/avr/4.3.3/avr5\libgcc.a(_unpack_sf.o)
 .debug_pubnames
                0x00000207       0x26 c:/users/dell/downloads/sdk_win_64/sdk_win_64/winavr/bin/../lib/gcc/avr/4.3.3/avr5\libgcc.a(_fpcmp_parts_sf.o)
 .debug_pubnames
                0x0000022d       0x20 c:/users/dell/downloads/sdk_win_64/sdk_win_64/winavr/bin/../lib/gcc/avr/4.3.3/avr5\libgcc.a(_clz.o)

.debug_info     0x00000000     0x280c
 *(.debug_info)
 .debug_info    0x00000000      0x17f c:/users/dell/downloads/sdk_win_64/sdk_win_64/winavr/bin/../lib/gcc/avr/4.3.3/avr5\libgcc.a(_lshrdi3.o)
 .debug_info    0x0000017f      0x17f c:/users/dell/downloads/sdk_win_64/sdk_win_64/winavr/bin/../lib/gcc/avr/4.3.3/avr5\libgcc.a(_ashldi3.o)
 .debug_info    0x000002fe       0xb1 c:/users/dell/downloads/sdk_win_64/sdk_win_64/winavr/bin/../lib/gcc/avr/4.3.3/avr5\libgcc.a(_fixunssfsi.o)
 .debug_info    0x000003af      0x47a c:/users/dell/downloads/sdk_win_64/sdk_win_64/winavr/bin/../lib/gcc/avr/4.3.3/avr5\libgcc.a(_addsub_sf.o)
 .debug_info    0x00000829      0x485 c:/users/dell/downloads/sdk_win_64/sdk_win_64/winavr/bin/../lib/gcc/avr/4.3.3/avr5\libgcc.a(_mul_sf.o)
 .debug_info    0x00000cae      0x27f c:/users/dell/downloads/sdk_win_64/sdk_win_64/winavr/bin/../lib/gcc/avr/4.3.3/avr5\libgcc.a(_eq_sf.o)
 .debug_info    0x00000f2d      0x27f c:/users/dell/downloads/sdk_win_64/sdk_win_64/winavr/bin/../lib/gcc/avr/4.3.3/avr5\libgcc.a(_ne_sf.o)
 .debug_info    0x000011ac      0x27f c:/users/dell/downloads/sdk_win_64/sdk_win_64/winavr/bin/../lib/gcc/avr/4.3.3/avr5\libgcc.a(_gt_sf.o)
 .debug_info    0x0000142b      0x27f c:/users/dell/downloads/sdk_win_64/sdk_win_64/winavr/bin/../lib/gcc/avr/4.3.3/avr5\libgcc.a(_ge_sf.o)
 .debug_info    0x000016aa      0x27f c:/users/dell/downloads/sdk_win_64/sdk_win_64/winavr/bin/../lib/gcc/avr/4.3.3/avr5\libgcc.a(_lt_sf.o)
 .debug_info    0x00001929      0x207 c:/users/dell/downloads/sdk_win_64/sdk_win_64/winavr/bin/../lib/gcc/avr/4.3.3/avr5\libgcc.a(_si_to_sf.o)
 .debug_info    0x00001b30      0x2b0 c:/users/dell/downloads/sdk_win_64/sdk_win_64/winavr/bin/../lib/gcc/avr/4.3.3/avr5\libgcc.a(_sf_to_si.o)
 .debug_info    0x00001de0      0x12c c:/users/dell/downloads/sdk_win_64/sdk_win_64/winavr/bin/../lib/gcc/avr/4.3.3/avr5\libgcc.a(_thenan_sf.o)
 .debug_info    0x00001f0c      0x117 c:/users/dell/downloads/sdk_win_64/sdk_win_64/winavr/bin/../lib/gcc/avr/4.3.3/avr5\libgcc.a(_clzsi2.o)
 .debug_info    0x00002023      0x2df c:/users/dell/downloads/sdk_win_64/sdk_win_64/winavr/bin/../lib/gcc/avr/4.3.3/avr5\libgcc.a(_pack_sf.o)
 .debug_info    0x00002302      0x251 c:/users/dell/downloads/sdk_win_64/sdk_win_64/winavr/bin/../lib/gcc/avr/4.3.3/avr5\libgcc.a(_unpack_sf.o)
 .debug_info    0x00002553      0x210 c:/users/dell/downloads/sdk_win_64/sdk_win_64/winavr/bin/../lib/gcc/avr/4.3.3/avr5\libgcc.a(_fpcmp_parts_sf.o)
 .debug_info    0x00002763       0xa9 c:/users/dell/downloads/sdk_win_64/sdk_win_64/winavr/bin/../lib/gcc/avr/4.3.3/avr5\libgcc.a(_clz.o)
 *(.gnu.linkonce.wi.*)

.debug_abbrev   0x00000000     0x15f1
 *(.debug_abbrev)
 .debug_abbrev  0x00000000       0xee c:/users/dell/downloads/sdk_win_64/sdk_win_64/winavr/bin/../lib/gcc/avr/4.3.3/avr5\libgcc.a(_lshrdi3.o)
 .debug_abbrev  0x000000ee       0xee c:/users/dell/downloads/sdk_win_64/sdk_win_64/winavr/bin/../lib/gcc/avr/4.3.3/avr5\libgcc.a(_ashldi3.o)
 .debug_abbrev  0x000001dc       0x5d c:/users/dell/downloads/sdk_win_64/sdk_win_64/winavr/bin/../lib/gcc/avr/4.3.3/avr5\libgcc.a(_fixunssfsi.o)
 .debug_abbrev  0x00000239      0x1ea c:/users/dell/downloads/sdk_win_64/sdk_win_64/winavr/bin/../lib/gcc/avr/4.3.3/avr5\libgcc.a(_addsub_sf.o)
 .debug_abbrev  0x00000423      0x21b c:/users/dell/downloads/sdk_win_64/sdk_win_64/winavr/bin/../lib/gcc/avr/4.3.3/avr5\libgcc.a(_mul_sf.o)
 .debug_abbrev  0x0000063e      0x15a c:/users/dell/downloads/sdk_win_64/sdk_win_64/winavr/bin/../lib/gcc/avr/4.3.3/avr5\libgcc.a(_eq_sf.o)
 .debug_abbrev  0x00000798      0x15a c:/users/dell/downloads/sdk_win_64/sdk_win_64/winavr/bin/../lib/gcc/avr/4.3.3/avr5\libgcc.a(_ne_sf.o)
 .debug_abbrev  0x000008f2      0x15a c:/users/dell/downloads/sdk_win_64/sdk_win_64/winavr/bin/../lib/gcc/avr/4.3.3/avr5\libgcc.a(_gt_sf.o)
 .debug_abbrev  0x00000a4c      0x15a c:/users/dell/downloads/sdk_win_64/sdk_win_64/winavr/bin/../lib/gcc/avr/4.3.3/avr5\libgcc.a(_ge_sf.o)
 .debug_abbrev  0x00000ba6      0x15a c:/users/dell/downloads/sdk_win_64/sdk_win_64/winavr/bin/../lib/gcc/avr/4.3.3/avr5\libgcc.a(_lt_sf.o)
 .debug_abbrev  0x00000d00      0x148 c:/users/dell/downloads/sdk_win_64/sdk_win_64/winavr/bin/../lib/gcc/avr/4.3.3/avr5\libgcc.a(_si_to_sf.o)
 .debug_abbrev  0x00000e48      0x17f c:/users/dell/downloads/sdk_win_64/sdk_win_64/winavr/bin/../lib/gcc/avr/4.3.3/avr5\libgcc.a(_sf_to_si.o)
 .debug_abbrev  0x00000fc7       0xad c:/users/dell/downloads/sdk_win_64/sdk_win_64/winavr/bin/../lib/gcc/avr/4.3.3/avr5\libgcc.a(_thenan_sf.o)
 .debug_abbrev  0x00001074       0xc4 c:/users/dell/downloads/sdk_win_64/sdk_win_64/winavr/bin/../lib/gcc/avr/4.3.3/avr5\libgcc.a(_clzsi2.o)
 .debug_abbrev  0x00001138      0x1c0 c:/users/dell/downloads/sdk_win_64/sdk_win_64/winavr/bin/../lib/gcc/avr/4.3.3/avr5\libgcc.a(_pack_sf.o)
 .debug_abbrev  0x000012f8      0x154 c:/users/dell/downloads/sdk_win_64/sdk_win_64/winavr/bin/../lib/gcc/avr/4.3.3/avr5\libgcc.a(_unpack_sf.o)
 .debug_abbrev  0x0000144c      0x13b c:/users/dell/downloads/sdk_win_64/sdk_win_64/winavr/bin/../lib/gcc/avr/4.3.3/avr5\libgcc.a(_fpcmp_parts_sf.o)
 .debug_abbrev  0x00001587       0x6a c:/users/dell/downloads/sdk_win_64/sdk_win_64/winavr/bin/../lib/gcc/avr/4.3.3/avr5\libgcc.a(_clz.o)

.debug_line     0x00000000     0x1357
 *(.debug_line)
 .debug_line    0x00000000       0xd7 c:/users/dell/downloads/sdk_win_64/sdk_win_64/winavr/bin/../lib/gcc/avr/4.3.3/avr5\libgcc.a(_lshrdi3.o)
 .debug_line    0x000000d7       0xd7 c:/users/dell/downloads/sdk_win_64/sdk_win_64/winavr/bin/../lib/gcc/avr/4.3.3/avr5\libgcc.a(_ashldi3.o)
 .debug_line    0x000001ae       0xa7 c:/users/dell/downloads/sdk_win_64/sdk_win_64/winavr/bin/../lib/gcc/avr/4.3.3/avr5\libgcc.a(_fixunssfsi.o)
 .debug_line    0x00000255      0x2af c:/users/dell/downloads/sdk_win_64/sdk_win_64/winavr/bin/../lib/gcc/avr/4.3.3/avr5\libgcc.a(_addsub_sf.o)
 .debug_line    0x00000504      0x239 c:/users/dell/downloads/sdk_win_64/sdk_win_64/winavr/bin/../lib/gcc/avr/4.3.3/avr5\libgcc.a(_mul_sf.o)
 .debug_line    0x0000073d       0xd3 c:/users/dell/downloads/sdk_win_64/sdk_win_64/winavr/bin/../lib/gcc/avr/4.3.3/avr5\libgcc.a(_eq_sf.o)
 .debug_line    0x00000810       0xd3 c:/users/dell/downloads/sdk_win_64/sdk_win_64/winavr/bin/../lib/gcc/avr/4.3.3/avr5\libgcc.a(_ne_sf.o)
 .debug_line    0x000008e3       0xd3 c:/users/dell/downloads/sdk_win_64/sdk_win_64/winavr/bin/../lib/gcc/avr/4.3.3/avr5\libgcc.a(_gt_sf.o)
 .debug_line    0x000009b6       0xd3 c:/users/dell/downloads/sdk_win_64/sdk_win_64/winavr/bin/../lib/gcc/avr/4.3.3/avr5\libgcc.a(_ge_sf.o)
 .debug_line    0x00000a89       0xd3 c:/users/dell/downloads/sdk_win_64/sdk_win_64/winavr/bin/../lib/gcc/avr/4.3.3/avr5\libgcc.a(_lt_sf.o)
 .debug_line    0x00000b5c      0x135 c:/users/dell/downloads/sdk_win_64/sdk_win_64/winavr/bin/../lib/gcc/avr/4.3.3/avr5\libgcc.a(_si_to_sf.o)
 .debug_line    0x00000c91      0x109 c:/users/dell/downloads/sdk_win_64/sdk_win_64/winavr/bin/../lib/gcc/avr/4.3.3/avr5\libgcc.a(_sf_to_si.o)
 .debug_line    0x00000d9a       0x90 c:/users/dell/downloads/sdk_win_64/sdk_win_64/winavr/bin/../lib/gcc/avr/4.3.3/avr5\libgcc.a(_thenan_sf.o)
 .debug_line    0x00000e2a       0xa5 c:/users/dell/downloads/sdk_win_64/sdk_win_64/winavr/bin/../lib/gcc/avr/4.3.3/avr5\libgcc.a(_clzsi2.o)
 .debug_line    0x00000ecf      0x18a c:/users/dell/downloads/sdk_win_64/sdk_win_64/winavr/bin/../lib/gcc/avr/4.3.3/avr5\libgcc.a(_pack_sf.o)
 .debug_line    0x00001059      0x14b c:/users/dell/downloads/sdk_win_64/sdk_win_64/winavr/bin/../lib/gcc/avr/4.3.3/avr5\libgcc.a(_unpack_sf.o)
 .debug_line    0x000011a4      0x137 c:/users/dell/downloads/sdk_win_64/sdk_win_64/winavr/bin/../lib/gcc/avr/4.3.3/avr5\libgcc.a(_fpcmp_parts_sf.o)
 .debug_line    0x000012db       0x7c c:/users/dell/downloads/sdk_win_64/sdk_win_64/winavr/bin/../lib/gcc/avr/4.3.3/avr5\libgcc.a(_clz.o)

.debug_frame    0x00000000      0x220
 *(.debug_frame)
 .debug_frame   0x00000000       0x20 c:/users/dell/downloads/sdk_win_64/sdk_win_64/winavr/bin/../lib/gcc/avr/4.3.3/avr5\libgcc.a(_lshrdi3.o)
 .debug_frame   0x00000020       0x20 c:/users/dell/downloads/sdk_win_64/sdk_win_64/winavr/bin/../lib/gcc/avr/4.3.3/avr5\libgcc.a(_ashldi3.o)
 .debug_frame   0x00000040       0x20 c:/users/dell/downloads/sdk_win_64/sdk_win_64/winavr/bin/../lib/gcc/avr/4.3.3/avr5\libgcc.a(_fixunssfsi.o)
 .debug_frame   0x00000060       0x40 c:/users/dell/downloads/sdk_win_64/sdk_win_64/winavr/bin/../lib/gcc/avr/4.3.3/avr5\libgcc.a(_addsub_sf.o)
 .debug_frame   0x000000a0       0x20 c:/users/dell/downloads/sdk_win_64/sdk_win_64/winavr/bin/../lib/gcc/avr/4.3.3/avr5\libgcc.a(_mul_sf.o)
 .debug_frame   0x000000c0       0x20 c:/users/dell/downloads/sdk_win_64/sdk_win_64/winavr/bin/../lib/gcc/avr/4.3.3/avr5\libgcc.a(_eq_sf.o)
 .debug_frame   0x000000e0       0x20 c:/users/dell/downloads/sdk_win_64/sdk_win_64/winavr/bin/../lib/gcc/avr/4.3.3/avr5\libgcc.a(_ne_sf.o)
 .debug_frame   0x00000100       0x20 c:/users/dell/downloads/sdk_win_64/sdk_win_64/winavr/bin/../lib/gcc/avr/4.3.3/avr5\libgcc.a(_gt_sf.o)
 .debug_frame   0x00000120       0x20 c:/users/dell/downloads/sdk_win_64/sdk_win_64/winavr/bin/../lib/gcc/avr/4.3.3/avr5\libgcc.a(_ge_sf.o)
 .debug_frame   0x00000140       0x20 c:/users/dell/downloads/sdk_win_64/sdk_win_64/winavr/bin/../lib/gcc/avr/4.3.3/avr5\libgcc.a(_lt_sf.o)
 .debug_frame   0x00000160       0x20 c:/users/dell/downloads/sdk_win_64/sdk_win_64/winavr/bin/../lib/gcc/avr/4.3.3/avr5\libgcc.a(_si_to_sf.o)
 .debug_frame   0x00000180       0x20 c:/users/dell/downloads/sdk_win_64/sdk_win_64/winavr/bin/../lib/gcc/avr/4.3.3/avr5\libgcc.a(_sf_to_si.o)
 .debug_frame   0x000001a0       0x20 c:/users/dell/downloads/sdk_win_64/sdk_win_64/winavr/bin/../lib/gcc/avr/4.3.3/avr5\libgcc.a(_clzsi2.o)
 .debug_frame   0x000001c0       0x20 c:/users/dell/downloads/sdk_win_64/sdk_win_64/winavr/bin/../lib/gcc/avr/4.3.3/avr5\libgcc.a(_pack_sf.o)
 .debug_frame   0x000001e0       0x20 c:/users/dell/downloads/sdk_win_64/sdk_win_64/winavr/bin/../lib/gcc/avr/4.3.3/avr5\libgcc.a(_unpack_sf.o)
 .debug_frame   0x00000200       0x20 c:/users/dell/downloads/sdk_win_64/sdk_win_64/winavr/bin/../lib/gcc/avr/4.3.3/avr5\libgcc.a(_fpcmp_parts_sf.o)

.debug_str      0x00000000      0x313
 *(.debug_str)
 .debug_str     0x00000000       0xe6 c:/users/dell/downloads/sdk_win_64/sdk_win_64/winavr/bin/../lib/gcc/avr/4.3.3/avr5\libgcc.a(_lshrdi3.o)
                                0x131 (size before relaxing)
 .debug_str     0x000000e6        0xa c:/users/dell/downloads/sdk_win_64/sdk_win_64/winavr/bin/../lib/gcc/avr/4.3.3/avr5\libgcc.a(_ashldi3.o)
                                0x131 (size before relaxing)
 .debug_str     0x000000f0       0x14 c:/users/dell/downloads/sdk_win_64/sdk_win_64/winavr/bin/../lib/gcc/avr/4.3.3/avr5\libgcc.a(_fixunssfsi.o)
                                 0xfe (size before relaxing)
 .debug_str     0x00000104      0x14d c:/users/dell/downloads/sdk_win_64/sdk_win_64/winavr/bin/../lib/gcc/avr/4.3.3/avr5\libgcc.a(_addsub_sf.o)
                                0x206 (size before relaxing)
 .debug_str     0x00000251       0x27 c:/users/dell/downloads/sdk_win_64/sdk_win_64/winavr/bin/../lib/gcc/avr/4.3.3/avr5\libgcc.a(_mul_sf.o)
                                0x1bf (size before relaxing)
 .debug_str     0x00000278        0x8 c:/users/dell/downloads/sdk_win_64/sdk_win_64/winavr/bin/../lib/gcc/avr/4.3.3/avr5\libgcc.a(_eq_sf.o)
                                0x195 (size before relaxing)
 .debug_str     0x00000280        0x8 c:/users/dell/downloads/sdk_win_64/sdk_win_64/winavr/bin/../lib/gcc/avr/4.3.3/avr5\libgcc.a(_ne_sf.o)
                                0x195 (size before relaxing)
 .debug_str     0x00000288        0x8 c:/users/dell/downloads/sdk_win_64/sdk_win_64/winavr/bin/../lib/gcc/avr/4.3.3/avr5\libgcc.a(_gt_sf.o)
                                0x195 (size before relaxing)
 .debug_str     0x00000290        0x8 c:/users/dell/downloads/sdk_win_64/sdk_win_64/winavr/bin/../lib/gcc/avr/4.3.3/avr5\libgcc.a(_ge_sf.o)
                                0x195 (size before relaxing)
 .debug_str     0x00000298        0x8 c:/users/dell/downloads/sdk_win_64/sdk_win_64/winavr/bin/../lib/gcc/avr/4.3.3/avr5\libgcc.a(_lt_sf.o)
                                0x195 (size before relaxing)
 .debug_str     0x000002a0       0x1e c:/users/dell/downloads/sdk_win_64/sdk_win_64/winavr/bin/../lib/gcc/avr/4.3.3/avr5\libgcc.a(_si_to_sf.o)
                                0x17b (size before relaxing)
 .debug_str     0x000002be        0xa c:/users/dell/downloads/sdk_win_64/sdk_win_64/winavr/bin/../lib/gcc/avr/4.3.3/avr5\libgcc.a(_sf_to_si.o)
                                0x19e (size before relaxing)
 .debug_str     0x00000000      0x103 c:/users/dell/downloads/sdk_win_64/sdk_win_64/winavr/bin/../lib/gcc/avr/4.3.3/avr5\libgcc.a(_thenan_sf.o)
 .debug_str     0x000002c8       0x20 c:/users/dell/downloads/sdk_win_64/sdk_win_64/winavr/bin/../lib/gcc/avr/4.3.3/avr5\libgcc.a(_clzsi2.o)
                                0x111 (size before relaxing)
 .debug_str     0x000002e8       0x10 c:/users/dell/downloads/sdk_win_64/sdk_win_64/winavr/bin/../lib/gcc/avr/4.3.3/avr5\libgcc.a(_pack_sf.o)
                                0x19d (size before relaxing)
 .debug_str     0x000002f8        0xb c:/users/dell/downloads/sdk_win_64/sdk_win_64/winavr/bin/../lib/gcc/avr/4.3.3/avr5\libgcc.a(_unpack_sf.o)
                                0x17f (size before relaxing)
 .debug_str     0x00000303       0x10 c:/users/dell/downloads/sdk_win_64/sdk_win_64/winavr/bin/../lib/gcc/avr/4.3.3/avr5\libgcc.a(_fpcmp_parts_sf.o)
                                0x163 (size before relaxing)
 .debug_str     0x00000000       0xf4 c:/users/dell/downloads/sdk_win_64/sdk_win_64/winavr/bin/../lib/gcc/avr/4.3.3/avr5\libgcc.a(_clz.o)

.debug_loc      0x00000000      0xb76
 *(.debug_loc)
 .debug_loc     0x00000000       0xf8 c:/users/dell/downloads/sdk_win_64/sdk_win_64/winavr/bin/../lib/gcc/avr/4.3.3/avr5\libgcc.a(_lshrdi3.o)
 .debug_loc     0x000000f8       0xf8 c:/users/dell/downloads/sdk_win_64/sdk_win_64/winavr/bin/../lib/gcc/avr/4.3.3/avr5\libgcc.a(_ashldi3.o)
 .debug_loc     0x000001f0       0x34 c:/users/dell/downloads/sdk_win_64/sdk_win_64/winavr/bin/../lib/gcc/avr/4.3.3/avr5\libgcc.a(_fixunssfsi.o)
 .debug_loc     0x00000224      0x32a c:/users/dell/downloads/sdk_win_64/sdk_win_64/winavr/bin/../lib/gcc/avr/4.3.3/avr5\libgcc.a(_addsub_sf.o)
 .debug_loc     0x0000054e      0x104 c:/users/dell/downloads/sdk_win_64/sdk_win_64/winavr/bin/../lib/gcc/avr/4.3.3/avr5\libgcc.a(_mul_sf.o)
 .debug_loc     0x00000652       0x3c c:/users/dell/downloads/sdk_win_64/sdk_win_64/winavr/bin/../lib/gcc/avr/4.3.3/avr5\libgcc.a(_eq_sf.o)
 .debug_loc     0x0000068e       0x3c c:/users/dell/downloads/sdk_win_64/sdk_win_64/winavr/bin/../lib/gcc/avr/4.3.3/avr5\libgcc.a(_ne_sf.o)
 .debug_loc     0x000006ca       0x3c c:/users/dell/downloads/sdk_win_64/sdk_win_64/winavr/bin/../lib/gcc/avr/4.3.3/avr5\libgcc.a(_gt_sf.o)
 .debug_loc     0x00000706       0x3c c:/users/dell/downloads/sdk_win_64/sdk_win_64/winavr/bin/../lib/gcc/avr/4.3.3/avr5\libgcc.a(_ge_sf.o)
 .debug_loc     0x00000742       0x3c c:/users/dell/downloads/sdk_win_64/sdk_win_64/winavr/bin/../lib/gcc/avr/4.3.3/avr5\libgcc.a(_lt_sf.o)
 .debug_loc     0x0000077e       0xac c:/users/dell/downloads/sdk_win_64/sdk_win_64/winavr/bin/../lib/gcc/avr/4.3.3/avr5\libgcc.a(_si_to_sf.o)
 .debug_loc     0x0000082a       0x7e c:/users/dell/downloads/sdk_win_64/sdk_win_64/winavr/bin/../lib/gcc/avr/4.3.3/avr5\libgcc.a(_sf_to_si.o)
 .debug_loc     0x000008a8       0x94 c:/users/dell/downloads/sdk_win_64/sdk_win_64/winavr/bin/../lib/gcc/avr/4.3.3/avr5\libgcc.a(_clzsi2.o)
 .debug_loc     0x0000093c      0x13e c:/users/dell/downloads/sdk_win_64/sdk_win_64/winavr/bin/../lib/gcc/avr/4.3.3/avr5\libgcc.a(_pack_sf.o)
 .debug_loc     0x00000a7a       0xac c:/users/dell/downloads/sdk_win_64/sdk_win_64/winavr/bin/../lib/gcc/avr/4.3.3/avr5\libgcc.a(_unpack_sf.o)
 .debug_loc     0x00000b26       0x50 c:/users/dell/downloads/sdk_win_64/sdk_win_64/winavr/bin/../lib/gcc/avr/4.3.3/avr5\libgcc.a(_fpcmp_parts_sf.o)

.debug_macinfo
 *(.debug_macinfo)
OUTPUT(yy.elf elf32-avr)
LOAD linker stubs

.debug_ranges   0x00000000       0x50
 .debug_ranges  0x00000000       0x50 c:/users/dell/downloads/sdk_win_64/sdk_win_64/winavr/bin/../lib/gcc/avr/4.3.3/avr5\libgcc.a(_mul_sf.o)
